userRoutes middleware: GET / authorization=Bearer eyJhbGciOiJIUzI1NiIsInR5cCI6IkpXVCJ9.eyJpZCI6MzUsInJvbGUiOiJhZG1pbiIsImlhdCI6MTc3NTIwODY1NCwiZXhwIjoxNzc1Mjk1MDU0fQ.PxL-B34jL7HAmwVr59GdLDf-sNTdt2o58IH_d7Ffsxg
userRoutes middleware: GET /search authorization=Bearer eyJhbGciOiJIUzI1NiIsInR5cCI6IkpXVCJ9.eyJpZCI6MzUsInJvbGUiOiJhZG1pbiIsImlhdCI6MTc3NTIwODY1NCwiZXhwIjoxNzc1Mjk1MDU0fQ.PxL-B34jL7HAmwVr59GdLDf-sNTdt2o58IH_d7Ffsxg
userRoutes middleware: POST / authorization=Bearer eyJhbGciOiJIUzI1NiIsInR5cCI6IkpXVCJ9.eyJpZCI6MzUsInJvbGUiOiJhZG1pbiIsImlhdCI6MTc3NTIwODY1NCwiZXhwIjoxNzc1Mjk1MDU0fQ.PxL-B34jL7HAmwVr59GdLDf-sNTdt2o58IH_d7Ffsxg
userRoutes middleware: PUT /42 authorization=Bearer eyJhbGciOiJIUzI1NiIsInR5cCI6IkpXVCJ9.eyJpZCI6MzUsInJvbGUiOiJhZG1pbiIsImlhdCI6MTc3NTIwODY1NCwiZXhwIjoxNzc1Mjk1MDU0fQ.PxL-B34jL7HAmwVr59GdLDf-sNTdt2o58IH_d7Ffsxg
userRoutes middleware: PATCH /42/suspend authorization=Bearer eyJhbGciOiJIUzI1NiIsInR5cCI6IkpXVCJ9.eyJpZCI6MzUsInJvbGUiOiJhZG1pbiIsImlhdCI6MTc3NTIwODY1NCwiZXhwIjoxNzc1Mjk1MDU0fQ.PxL-B34jL7HAmwVr59GdLDf-sNTdt2o58IH_d7Ffsxg
userRoutes middleware: PATCH /42/activate authorization=Bearer eyJhbGciOiJIUzI1NiIsInR5cCI6IkpXVCJ9.eyJpZCI6MzUsInJvbGUiOiJhZG1pbiIsImlhdCI6MTc3NTIwODY1NCwiZXhwIjoxNzc1Mjk1MDU0fQ.PxL-B34jL7HAmwVr59GdLDf-sNTdt2o58IH_d7Ffsxg
userRoutes middleware: PATCH /42/role authorization=Bearer eyJhbGciOiJIUzI1NiIsInR5cCI6IkpXVCJ9.eyJpZCI6MzUsInJvbGUiOiJhZG1pbiIsImlhdCI6MTc3NTIwODY1NCwiZXhwIjoxNzc1Mjk1MDU0fQ.PxL-B34jL7HAmwVr59GdLDf-sNTdt2o58IH_d7Ffsxg
userRoutes middleware: GET /42 authorization=Bearer eyJhbGciOiJIUzI1NiIsInR5cCI6IkpXVCJ9.eyJpZCI6MzUsInJvbGUiOiJhZG1pbiIsImlhdCI6MTc3NTIwODY1NCwiZXhwIjoxNzc1Mjk1MDU0fQ.PxL-B34jL7HAmwVr59GdLDf-sNTdt2o58IH_d7Ffsxg
userRoutes middleware: DELETE /42 authorization=Bearer eyJhbGciOiJIUzI1NiIsInR5cCI6IkpXVCJ9.eyJpZCI6MzUsInJvbGUiOiJhZG1pbiIsImlhdCI6MTc3NTIwODY1NCwiZXhwIjoxNzc1Mjk1MDU0fQ.PxL-B34jL7HAmwVr59GdLDf-sNTdt2o58IH_d7Ffsxg
userRoutes middleware: GET / authorization=Bearer eyJhbGciOiJIUzI1NiIsInR5cCI6IkpXVCJ9.eyJpZCI6MzUsInJvbGUiOiJhZG1pbiIsImlhdCI6MTc3NTIwOTIyNCwiZXhwIjoxNzc1Mjk1NjI0fQ.oEzR-FgQzWZyuMWNqoX-R5qsYj0Jak5MS8kVg3xJ5-Y
userRoutes middleware: GET /search authorization=Bearer eyJhbGciOiJIUzI1NiIsInR5cCI6IkpXVCJ9.eyJpZCI6MzUsInJvbGUiOiJhZG1pbiIsImlhdCI6MTc3NTIwOTIyNCwiZXhwIjoxNzc1Mjk1NjI0fQ.oEzR-FgQzWZyuMWNqoX-R5qsYj0Jak5MS8kVg3xJ5-Y
userRoutes middleware: POST / authorization=Bearer eyJhbGciOiJIUzI1NiIsInR5cCI6IkpXVCJ9.eyJpZCI6MzUsInJvbGUiOiJhZG1pbiIsImlhdCI6MTc3NTIwOTIyNCwiZXhwIjoxNzc1Mjk1NjI0fQ.oEzR-FgQzWZyuMWNqoX-R5qsYj0Jak5MS8kVg3xJ5-Y
userRoutes middleware: PUT /43 authorization=Bearer eyJhbGciOiJIUzI1NiIsInR5cCI6IkpXVCJ9.eyJpZCI6MzUsInJvbGUiOiJhZG1pbiIsImlhdCI6MTc3NTIwOTIyNCwiZXhwIjoxNzc1Mjk1NjI0fQ.oEzR-FgQzWZyuMWNqoX-R5qsYj0Jak5MS8kVg3xJ5-Y
userRoutes middleware: PATCH /43/suspend authorization=Bearer eyJhbGciOiJIUzI1NiIsInR5cCI6IkpXVCJ9.eyJpZCI6MzUsInJvbGUiOiJhZG1pbiIsImlhdCI6MTc3NTIwOTIyNCwiZXhwIjoxNzc1Mjk1NjI0fQ.oEzR-FgQzWZyuMWNqoX-R5qsYj0Jak5MS8kVg3xJ5-Y
userRoutes middleware: PATCH /43/activate authorization=Bearer eyJhbGciOiJIUzI1NiIsInR5cCI6IkpXVCJ9.eyJpZCI6MzUsInJvbGUiOiJhZG1pbiIsImlhdCI6MTc3NTIwOTIyNCwiZXhwIjoxNzc1Mjk1NjI0fQ.oEzR-FgQzWZyuMWNqoX-R5qsYj0Jak5MS8kVg3xJ5-Y
userRoutes middleware: PATCH /43/role authorization=Bearer eyJhbGciOiJIUzI1NiIsInR5cCI6IkpXVCJ9.eyJpZCI6MzUsInJvbGUiOiJhZG1pbiIsImlhdCI6MTc3NTIwOTIyNCwiZXhwIjoxNzc1Mjk1NjI0fQ.oEzR-FgQzWZyuMWNqoX-R5qsYj0Jak5MS8kVg3xJ5-Y
userRoutes middleware: GET /43 authorization=Bearer eyJhbGciOiJIUzI1NiIsInR5cCI6IkpXVCJ9.eyJpZCI6MzUsInJvbGUiOiJhZG1pbiIsImlhdCI6MTc3NTIwOTIyNCwiZXhwIjoxNzc1Mjk1NjI0fQ.oEzR-FgQzWZyuMWNqoX-R5qsYj0Jak5MS8kVg3xJ5-Y
userRoutes middleware: DELETE /43 authorization=Bearer eyJhbGciOiJIUzI1NiIsInR5cCI6IkpXVCJ9.eyJpZCI6MzUsInJvbGUiOiJhZG1pbiIsImlhdCI6MTc3NTIwOTIyNCwiZXhwIjoxNzc1Mjk1NjI0fQ.oEzR-FgQzWZyuMWNqoX-R5qsYj0Jak5MS8kVg3xJ5-Y
userRoutes middleware: GET / authorization=Bearer eyJhbGciOiJIUzI1NiIsInR5cCI6IkpXVCJ9.eyJpZCI6MzUsInJvbGUiOiJhZG1pbiIsImlhdCI6MTc3NTIwOTc1MSwiZXhwIjoxNzc1Mjk2MTUxfQ.o_1yOMUBQnZOgQ9HZsiNqM0M5wDhfl-MnUDJJ392N-0
userRoutes middleware: GET /search authorization=Bearer eyJhbGciOiJIUzI1NiIsInR5cCI6IkpXVCJ9.eyJpZCI6MzUsInJvbGUiOiJhZG1pbiIsImlhdCI6MTc3NTIwOTc1MSwiZXhwIjoxNzc1Mjk2MTUxfQ.o_1yOMUBQnZOgQ9HZsiNqM0M5wDhfl-MnUDJJ392N-0
userRoutes middleware: POST / authorization=Bearer eyJhbGciOiJIUzI1NiIsInR5cCI6IkpXVCJ9.eyJpZCI6MzUsInJvbGUiOiJhZG1pbiIsImlhdCI6MTc3NTIwOTc1MSwiZXhwIjoxNzc1Mjk2MTUxfQ.o_1yOMUBQnZOgQ9HZsiNqM0M5wDhfl-MnUDJJ392N-0
userRoutes middleware: PUT /44 authorization=Bearer eyJhbGciOiJIUzI1NiIsInR5cCI6IkpXVCJ9.eyJpZCI6MzUsInJvbGUiOiJhZG1pbiIsImlhdCI6MTc3NTIwOTc1MSwiZXhwIjoxNzc1Mjk2MTUxfQ.o_1yOMUBQnZOgQ9HZsiNqM0M5wDhfl-MnUDJJ392N-0
userRoutes middleware: PATCH /44/suspend authorization=Bearer eyJhbGciOiJIUzI1NiIsInR5cCI6IkpXVCJ9.eyJpZCI6MzUsInJvbGUiOiJhZG1pbiIsImlhdCI6MTc3NTIwOTc1MSwiZXhwIjoxNzc1Mjk2MTUxfQ.o_1yOMUBQnZOgQ9HZsiNqM0M5wDhfl-MnUDJJ392N-0
userRoutes middleware: PATCH /44/activate authorization=Bearer eyJhbGciOiJIUzI1NiIsInR5cCI6IkpXVCJ9.eyJpZCI6MzUsInJvbGUiOiJhZG1pbiIsImlhdCI6MTc3NTIwOTc1MSwiZXhwIjoxNzc1Mjk2MTUxfQ.o_1yOMUBQnZOgQ9HZsiNqM0M5wDhfl-MnUDJJ392N-0
userRoutes middleware: PATCH /44/role authorization=Bearer eyJhbGciOiJIUzI1NiIsInR5cCI6IkpXVCJ9.eyJpZCI6MzUsInJvbGUiOiJhZG1pbiIsImlhdCI6MTc3NTIwOTc1MSwiZXhwIjoxNzc1Mjk2MTUxfQ.o_1yOMUBQnZOgQ9HZsiNqM0M5wDhfl-MnUDJJ392N-0
userRoutes middleware: GET /44 authorization=Bearer eyJhbGciOiJIUzI1NiIsInR5cCI6IkpXVCJ9.eyJpZCI6MzUsInJvbGUiOiJhZG1pbiIsImlhdCI6MTc3NTIwOTc1MSwiZXhwIjoxNzc1Mjk2MTUxfQ.o_1yOMUBQnZOgQ9HZsiNqM0M5wDhfl-MnUDJJ392N-0
userRoutes middleware: DELETE /44 authorization=Bearer eyJhbGciOiJIUzI1NiIsInR5cCI6IkpXVCJ9.eyJpZCI6MzUsInJvbGUiOiJhZG1pbiIsImlhdCI6MTc3NTIwOTc1MSwiZXhwIjoxNzc1Mjk2MTUxfQ.o_1yOMUBQnZOgQ9HZsiNqM0M5wDhfl-MnUDJJ392N-0
userRoutes middleware: GET / authorization=Bearer eyJhbGciOiJIUzI1NiIsInR5cCI6IkpXVCJ9.eyJpZCI6MzUsInJvbGUiOiJhZG1pbiIsImlhdCI6MTc3NTIwMDYxNCwiZXhwIjoxNzc1Mjg3MDE0fQ.zA2v98c_NdUF2Ypg7Mg2Bv9x5Jh86pFo3QnokcMIFQs
userRoutes middleware: GET /search authorization=Bearer eyJhbGciOiJIUzI1NiIsInR5cCI6IkpXVCJ9.eyJpZCI6MzUsInJvbGUiOiJhZG1pbiIsImlhdCI6MTc3NTIwMDYxNCwiZXhwIjoxNzc1Mjg3MDE0fQ.zA2v98c_NdUF2Ypg7Mg2Bv9x5Jh86pFo3QnokcMIFQs
userRoutes middleware: GET /search authorization=Bearer eyJhbGciOiJIUzI1NiIsInR5cCI6IkpXVCJ9.eyJpZCI6MzUsInJvbGUiOiJhZG1pbiIsImlhdCI6MTc3NTIwMDYxNCwiZXhwIjoxNzc1Mjg3MDE0fQ.zA2v98c_NdUF2Ypg7Mg2Bv9x5Jh86pFo3QnokcMIFQs
userRoutes middleware: GET /search authorization=Bearer eyJhbGciOiJIUzI1NiIsInR5cCI6IkpXVCJ9.eyJpZCI6MzUsInJvbGUiOiJhZG1pbiIsImlhdCI6MTc3NTIwMDYxNCwiZXhwIjoxNzc1Mjg3MDE0fQ.zA2v98c_NdUF2Ypg7Mg2Bv9x5Jh86pFo3QnokcMIFQs
userRoutes middleware: GET /search authorization=Bearer eyJhbGciOiJIUzI1NiIsInR5cCI6IkpXVCJ9.eyJpZCI6MzUsInJvbGUiOiJhZG1pbiIsImlhdCI6MTc3NTIwMDYxNCwiZXhwIjoxNzc1Mjg3MDE0fQ.zA2v98c_NdUF2Ypg7Mg2Bv9x5Jh86pFo3QnokcMIFQs
userRoutes middleware: GET /search authorization=Bearer eyJhbGciOiJIUzI1NiIsInR5cCI6IkpXVCJ9.eyJpZCI6MzUsInJvbGUiOiJhZG1pbiIsImlhdCI6MTc3NTIwMDYxNCwiZXhwIjoxNzc1Mjg3MDE0fQ.zA2v98c_NdUF2Ypg7Mg2Bv9x5Jh86pFo3QnokcMIFQs
userRoutes middleware: GET /search authorization=Bearer eyJhbGciOiJIUzI1NiIsInR5cCI6IkpXVCJ9.eyJpZCI6MzUsInJvbGUiOiJhZG1pbiIsImlhdCI6MTc3NTIwMDYxNCwiZXhwIjoxNzc1Mjg3MDE0fQ.zA2v98c_NdUF2Ypg7Mg2Bv9x5Jh86pFo3QnokcMIFQs
userRoutes middleware: GET /search authorization=Bearer eyJhbGciOiJIUzI1NiIsInR5cCI6IkpXVCJ9.eyJpZCI6MzUsInJvbGUiOiJhZG1pbiIsImlhdCI6MTc3NTIwMDYxNCwiZXhwIjoxNzc1Mjg3MDE0fQ.zA2v98c_NdUF2Ypg7Mg2Bv9x5Jh86pFo3QnokcMIFQs
userRoutes middleware: GET /search authorization=Bearer eyJhbGciOiJIUzI1NiIsInR5cCI6IkpXVCJ9.eyJpZCI6MzUsInJvbGUiOiJhZG1pbiIsImlhdCI6MTc3NTIwMDYxNCwiZXhwIjoxNzc1Mjg3MDE0fQ.zA2v98c_NdUF2Ypg7Mg2Bv9x5Jh86pFo3QnokcMIFQs
userRoutes middleware: POST / authorization=Bearer eyJhbGciOiJIUzI1NiIsInR5cCI6IkpXVCJ9.eyJpZCI6MzUsInJvbGUiOiJhZG1pbiIsImlhdCI6MTc3NTIwMDYxNCwiZXhwIjoxNzc1Mjg3MDE0fQ.zA2v98c_NdUF2Ypg7Mg2Bv9x5Jh86pFo3QnokcMIFQs
userRoutes middleware: GET / authorization=Bearer eyJhbGciOiJIUzI1NiIsInR5cCI6IkpXVCJ9.eyJpZCI6MzUsInJvbGUiOiJhZG1pbiIsImlhdCI6MTc3NTIwMDYxNCwiZXhwIjoxNzc1Mjg3MDE0fQ.zA2v98c_NdUF2Ypg7Mg2Bv9x5Jh86pFo3QnokcMIFQs
userRoutes middleware: GET / authorization=Bearer eyJhbGciOiJIUzI1NiIsInR5cCI6IkpXVCJ9.eyJpZCI6NDYsInJvbGUiOiJ1c2VyIiwiaWF0IjoxNzc1MjEwMjI4LCJleHAiOjE3NzUyOTY2Mjh9.2ySBatbeAjaubsxFoQ8HiOGIS2xqYtQPeVxQoNribZw
userRoutes middleware: GET / authorization=Bearer eyJhbGciOiJIUzI1NiIsInR5cCI6IkpXVCJ9.eyJpZCI6MzUsInJvbGUiOiJhZG1pbiIsImlhdCI6MTc3NTIxMDc2NiwiZXhwIjoxNzc1Mjk3MTY2fQ.Gn2MhrFITikr_rBnOTTSiTmIeTD9l1NOK9uk9DHx8Mo
userRoutes middleware: GET /search authorization=Bearer eyJhbGciOiJIUzI1NiIsInR5cCI6IkpXVCJ9.eyJpZCI6MzUsInJvbGUiOiJhZG1pbiIsImlhdCI6MTc3NTIxMDc2NiwiZXhwIjoxNzc1Mjk3MTY2fQ.Gn2MhrFITikr_rBnOTTSiTmIeTD9l1NOK9uk9DHx8Mo
userRoutes middleware: POST / authorization=Bearer eyJhbGciOiJIUzI1NiIsInR5cCI6IkpXVCJ9.eyJpZCI6MzUsInJvbGUiOiJhZG1pbiIsImlhdCI6MTc3NTIxMDc2NiwiZXhwIjoxNzc1Mjk3MTY2fQ.Gn2MhrFITikr_rBnOTTSiTmIeTD9l1NOK9uk9DHx8Mo
userRoutes middleware: PUT /47 authorization=Bearer eyJhbGciOiJIUzI1NiIsInR5cCI6IkpXVCJ9.eyJpZCI6MzUsInJvbGUiOiJhZG1pbiIsImlhdCI6MTc3NTIxMDc2NiwiZXhwIjoxNzc1Mjk3MTY2fQ.Gn2MhrFITikr_rBnOTTSiTmIeTD9l1NOK9uk9DHx8Mo
userRoutes middleware: PATCH /47/suspend authorization=Bearer eyJhbGciOiJIUzI1NiIsInR5cCI6IkpXVCJ9.eyJpZCI6MzUsInJvbGUiOiJhZG1pbiIsImlhdCI6MTc3NTIxMDc2NiwiZXhwIjoxNzc1Mjk3MTY2fQ.Gn2MhrFITikr_rBnOTTSiTmIeTD9l1NOK9uk9DHx8Mo
userRoutes middleware: PATCH /47/activate authorization=Bearer eyJhbGciOiJIUzI1NiIsInR5cCI6IkpXVCJ9.eyJpZCI6MzUsInJvbGUiOiJhZG1pbiIsImlhdCI6MTc3NTIxMDc2NiwiZXhwIjoxNzc1Mjk3MTY2fQ.Gn2MhrFITikr_rBnOTTSiTmIeTD9l1NOK9uk9DHx8Mo
userRoutes middleware: PATCH /47/role authorization=Bearer eyJhbGciOiJIUzI1NiIsInR5cCI6IkpXVCJ9.eyJpZCI6MzUsInJvbGUiOiJhZG1pbiIsImlhdCI6MTc3NTIxMDc2NiwiZXhwIjoxNzc1Mjk3MTY2fQ.Gn2MhrFITikr_rBnOTTSiTmIeTD9l1NOK9uk9DHx8Mo
userRoutes middleware: GET /47 authorization=Bearer eyJhbGciOiJIUzI1NiIsInR5cCI6IkpXVCJ9.eyJpZCI6MzUsInJvbGUiOiJhZG1pbiIsImlhdCI6MTc3NTIxMDc2NiwiZXhwIjoxNzc1Mjk3MTY2fQ.Gn2MhrFITikr_rBnOTTSiTmIeTD9l1NOK9uk9DHx8Mo
userRoutes middleware: DELETE /47 authorization=Bearer eyJhbGciOiJIUzI1NiIsInR5cCI6IkpXVCJ9.eyJpZCI6MzUsInJvbGUiOiJhZG1pbiIsImlhdCI6MTc3NTIxMDc2NiwiZXhwIjoxNzc1Mjk3MTY2fQ.Gn2MhrFITikr_rBnOTTSiTmIeTD9l1NOK9uk9DHx8Mo
userRoutes middleware: GET / authorization=Bearer eyJhbGciOiJIUzI1NiIsInR5cCI6IkpXVCJ9.eyJpZCI6MzUsInJvbGUiOiJhZG1pbiIsImlhdCI6MTc3NTIxMDg0MywiZXhwIjoxNzc1Mjk3MjQzfQ.r1i_FdFvn882nuIuJsJVByGe7-sU4lmFjHhwDki4pDw
userRoutes middleware: GET /search authorization=Bearer eyJhbGciOiJIUzI1NiIsInR5cCI6IkpXVCJ9.eyJpZCI6MzUsInJvbGUiOiJhZG1pbiIsImlhdCI6MTc3NTIxMDg0MywiZXhwIjoxNzc1Mjk3MjQzfQ.r1i_FdFvn882nuIuJsJVByGe7-sU4lmFjHhwDki4pDw
userRoutes middleware: POST / authorization=Bearer eyJhbGciOiJIUzI1NiIsInR5cCI6IkpXVCJ9.eyJpZCI6MzUsInJvbGUiOiJhZG1pbiIsImlhdCI6MTc3NTIxMDg0MywiZXhwIjoxNzc1Mjk3MjQzfQ.r1i_FdFvn882nuIuJsJVByGe7-sU4lmFjHhwDki4pDw
userRoutes middleware: PUT /48 authorization=Bearer eyJhbGciOiJIUzI1NiIsInR5cCI6IkpXVCJ9.eyJpZCI6MzUsInJvbGUiOiJhZG1pbiIsImlhdCI6MTc3NTIxMDg0MywiZXhwIjoxNzc1Mjk3MjQzfQ.r1i_FdFvn882nuIuJsJVByGe7-sU4lmFjHhwDki4pDw
userRoutes middleware: PATCH /48/suspend authorization=Bearer eyJhbGciOiJIUzI1NiIsInR5cCI6IkpXVCJ9.eyJpZCI6MzUsInJvbGUiOiJhZG1pbiIsImlhdCI6MTc3NTIxMDg0MywiZXhwIjoxNzc1Mjk3MjQzfQ.r1i_FdFvn882nuIuJsJVByGe7-sU4lmFjHhwDki4pDw
userRoutes middleware: PATCH /48/activate authorization=Bearer eyJhbGciOiJIUzI1NiIsInR5cCI6IkpXVCJ9.eyJpZCI6MzUsInJvbGUiOiJhZG1pbiIsImlhdCI6MTc3NTIxMDg0MywiZXhwIjoxNzc1Mjk3MjQzfQ.r1i_FdFvn882nuIuJsJVByGe7-sU4lmFjHhwDki4pDw
userRoutes middleware: PATCH /48/role authorization=Bearer eyJhbGciOiJIUzI1NiIsInR5cCI6IkpXVCJ9.eyJpZCI6MzUsInJvbGUiOiJhZG1pbiIsImlhdCI6MTc3NTIxMDg0MywiZXhwIjoxNzc1Mjk3MjQzfQ.r1i_FdFvn882nuIuJsJVByGe7-sU4lmFjHhwDki4pDw
userRoutes middleware: GET /48 authorization=Bearer eyJhbGciOiJIUzI1NiIsInR5cCI6IkpXVCJ9.eyJpZCI6MzUsInJvbGUiOiJhZG1pbiIsImlhdCI6MTc3NTIxMDg0MywiZXhwIjoxNzc1Mjk3MjQzfQ.r1i_FdFvn882nuIuJsJVByGe7-sU4lmFjHhwDki4pDw
userRoutes middleware: DELETE /48 authorization=Bearer eyJhbGciOiJIUzI1NiIsInR5cCI6IkpXVCJ9.eyJpZCI6MzUsInJvbGUiOiJhZG1pbiIsImlhdCI6MTc3NTIxMDg0MywiZXhwIjoxNzc1Mjk3MjQzfQ.r1i_FdFvn882nuIuJsJVByGe7-sU4lmFjHhwDki4pDw
userRoutes middleware: GET / authorization=Bearer eyJhbGciOiJIUzI1NiIsInR5cCI6IkpXVCJ9.eyJpZCI6MzUsInJvbGUiOiJhZG1pbiIsImlhdCI6MTc3NTIxMDg0MywiZXhwIjoxNzc1Mjk3MjQzfQ.r1i_FdFvn882nuIuJsJVByGe7-sU4lmFjHhwDki4pDw
userRoutes middleware: GET / authorization=Bearer eyJhbGciOiJIUzI1NiIsInR5cCI6IkpXVCJ9.eyJpZCI6MzUsInJvbGUiOiJhZG1pbiIsImlhdCI6MTc3NTIxMDg4NSwiZXhwIjoxNzc1Mjk3Mjg1fQ.vsx1nNNSzFtBvHDRAoxfZej5b24rbXhWVts2IlN1X3Q
userRoutes middleware: GET /search authorization=Bearer eyJhbGciOiJIUzI1NiIsInR5cCI6IkpXVCJ9.eyJpZCI6MzUsInJvbGUiOiJhZG1pbiIsImlhdCI6MTc3NTIxMDg4NSwiZXhwIjoxNzc1Mjk3Mjg1fQ.vsx1nNNSzFtBvHDRAoxfZej5b24rbXhWVts2IlN1X3Q
userRoutes middleware: POST / authorization=Bearer eyJhbGciOiJIUzI1NiIsInR5cCI6IkpXVCJ9.eyJpZCI6MzUsInJvbGUiOiJhZG1pbiIsImlhdCI6MTc3NTIxMDg4NSwiZXhwIjoxNzc1Mjk3Mjg1fQ.vsx1nNNSzFtBvHDRAoxfZej5b24rbXhWVts2IlN1X3Q
userRoutes middleware: PUT /49 authorization=Bearer eyJhbGciOiJIUzI1NiIsInR5cCI6IkpXVCJ9.eyJpZCI6MzUsInJvbGUiOiJhZG1pbiIsImlhdCI6MTc3NTIxMDg4NSwiZXhwIjoxNzc1Mjk3Mjg1fQ.vsx1nNNSzFtBvHDRAoxfZej5b24rbXhWVts2IlN1X3Q
userRoutes middleware: PATCH /49/suspend authorization=Bearer eyJhbGciOiJIUzI1NiIsInR5cCI6IkpXVCJ9.eyJpZCI6MzUsInJvbGUiOiJhZG1pbiIsImlhdCI6MTc3NTIxMDg4NSwiZXhwIjoxNzc1Mjk3Mjg1fQ.vsx1nNNSzFtBvHDRAoxfZej5b24rbXhWVts2IlN1X3Q
userRoutes middleware: PATCH /49/activate authorization=Bearer eyJhbGciOiJIUzI1NiIsInR5cCI6IkpXVCJ9.eyJpZCI6MzUsInJvbGUiOiJhZG1pbiIsImlhdCI6MTc3NTIxMDg4NSwiZXhwIjoxNzc1Mjk3Mjg1fQ.vsx1nNNSzFtBvHDRAoxfZej5b24rbXhWVts2IlN1X3Q
userRoutes middleware: PATCH /49/role authorization=Bearer eyJhbGciOiJIUzI1NiIsInR5cCI6IkpXVCJ9.eyJpZCI6MzUsInJvbGUiOiJhZG1pbiIsImlhdCI6MTc3NTIxMDg4NSwiZXhwIjoxNzc1Mjk3Mjg1fQ.vsx1nNNSzFtBvHDRAoxfZej5b24rbXhWVts2IlN1X3Q
userRoutes middleware: GET /49 authorization=Bearer eyJhbGciOiJIUzI1NiIsInR5cCI6IkpXVCJ9.eyJpZCI6MzUsInJvbGUiOiJhZG1pbiIsImlhdCI6MTc3NTIxMDg4NSwiZXhwIjoxNzc1Mjk3Mjg1fQ.vsx1nNNSzFtBvHDRAoxfZej5b24rbXhWVts2IlN1X3Q
userRoutes middleware: DELETE /49 authorization=Bearer eyJhbGciOiJIUzI1NiIsInR5cCI6IkpXVCJ9.eyJpZCI6MzUsInJvbGUiOiJhZG1pbiIsImlhdCI6MTc3NTIxMDg4NSwiZXhwIjoxNzc1Mjk3Mjg1fQ.vsx1nNNSzFtBvHDRAoxfZej5b24rbXhWVts2IlN1X3Q
userRoutes middleware: GET / authorization=Bearer eyJhbGciOiJIUzI1NiIsInR5cCI6IkpXVCJ9.eyJpZCI6MzUsInJvbGUiOiJhZG1pbiIsImlhdCI6MTc3NTIxMDg4OSwiZXhwIjoxNzc1Mjk3Mjg5fQ.WBXR0DaREh2JLWyA-l7e8LZFqjwakJVU9dpjKm8jQuU
userRoutes middleware: GET /search authorization=Bearer eyJhbGciOiJIUzI1NiIsInR5cCI6IkpXVCJ9.eyJpZCI6MzUsInJvbGUiOiJhZG1pbiIsImlhdCI6MTc3NTIxMDg4OSwiZXhwIjoxNzc1Mjk3Mjg5fQ.WBXR0DaREh2JLWyA-l7e8LZFqjwakJVU9dpjKm8jQuU
userRoutes middleware: POST / authorization=Bearer eyJhbGciOiJIUzI1NiIsInR5cCI6IkpXVCJ9.eyJpZCI6MzUsInJvbGUiOiJhZG1pbiIsImlhdCI6MTc3NTIxMDg4OSwiZXhwIjoxNzc1Mjk3Mjg5fQ.WBXR0DaREh2JLWyA-l7e8LZFqjwakJVU9dpjKm8jQuU
userRoutes middleware: PUT /50 authorization=Bearer eyJhbGciOiJIUzI1NiIsInR5cCI6IkpXVCJ9.eyJpZCI6MzUsInJvbGUiOiJhZG1pbiIsImlhdCI6MTc3NTIxMDg4OSwiZXhwIjoxNzc1Mjk3Mjg5fQ.WBXR0DaREh2JLWyA-l7e8LZFqjwakJVU9dpjKm8jQuU
userRoutes middleware: PATCH /50/suspend authorization=Bearer eyJhbGciOiJIUzI1NiIsInR5cCI6IkpXVCJ9.eyJpZCI6MzUsInJvbGUiOiJhZG1pbiIsImlhdCI6MTc3NTIxMDg4OSwiZXhwIjoxNzc1Mjk3Mjg5fQ.WBXR0DaREh2JLWyA-l7e8LZFqjwakJVU9dpjKm8jQuU
userRoutes middleware: PATCH /50/activate authorization=Bearer eyJhbGciOiJIUzI1NiIsInR5cCI6IkpXVCJ9.eyJpZCI6MzUsInJvbGUiOiJhZG1pbiIsImlhdCI6MTc3NTIxMDg4OSwiZXhwIjoxNzc1Mjk3Mjg5fQ.WBXR0DaREh2JLWyA-l7e8LZFqjwakJVU9dpjKm8jQuU
userRoutes middleware: PATCH /50/role authorization=Bearer eyJhbGciOiJIUzI1NiIsInR5cCI6IkpXVCJ9.eyJpZCI6MzUsInJvbGUiOiJhZG1pbiIsImlhdCI6MTc3NTIxMDg4OSwiZXhwIjoxNzc1Mjk3Mjg5fQ.WBXR0DaREh2JLWyA-l7e8LZFqjwakJVU9dpjKm8jQuU
userRoutes middleware: GET /50 authorization=Bearer eyJhbGciOiJIUzI1NiIsInR5cCI6IkpXVCJ9.eyJpZCI6MzUsInJvbGUiOiJhZG1pbiIsImlhdCI6MTc3NTIxMDg4OSwiZXhwIjoxNzc1Mjk3Mjg5fQ.WBXR0DaREh2JLWyA-l7e8LZFqjwakJVU9dpjKm8jQuU
userRoutes middleware: DELETE /50 authorization=Bearer eyJhbGciOiJIUzI1NiIsInR5cCI6IkpXVCJ9.eyJpZCI6MzUsInJvbGUiOiJhZG1pbiIsImlhdCI6MTc3NTIxMDg4OSwiZXhwIjoxNzc1Mjk3Mjg5fQ.WBXR0DaREh2JLWyA-l7e8LZFqjwakJVU9dpjKm8jQuU
userRoutes middleware: GET / authorization=Bearer eyJhbGciOiJIUzI1NiIsInR5cCI6IkpXVCJ9.eyJpZCI6MzUsInJvbGUiOiJhZG1pbiIsImlhdCI6MTc3NTIxMDI2MCwiZXhwIjoxNzc1Mjk2NjYwfQ.kVeP4Fu4UnVA8kqHLoCMRH1s8hqBLYOo5MpkQ3SK45Y
userRoutes middleware: GET / authorization=Bearer eyJhbGciOiJIUzI1NiIsInR5cCI6IkpXVCJ9.eyJpZCI6MzUsInJvbGUiOiJhZG1pbiIsImlhdCI6MTc3NTIxMDI2MCwiZXhwIjoxNzc1Mjk2NjYwfQ.kVeP4Fu4UnVA8kqHLoCMRH1s8hqBLYOo5MpkQ3SK45Y
userRoutes middleware: PATCH /46/suspend authorization=Bearer eyJhbGciOiJIUzI1NiIsInR5cCI6IkpXVCJ9.eyJpZCI6MzUsInJvbGUiOiJhZG1pbiIsImlhdCI6MTc3NTIxMDI2MCwiZXhwIjoxNzc1Mjk2NjYwfQ.kVeP4Fu4UnVA8kqHLoCMRH1s8hqBLYOo5MpkQ3SK45Y
userRoutes middleware: GET / authorization=Bearer eyJhbGciOiJIUzI1NiIsInR5cCI6IkpXVCJ9.eyJpZCI6MzUsInJvbGUiOiJhZG1pbiIsImlhdCI6MTc3NTIxMDI2MCwiZXhwIjoxNzc1Mjk2NjYwfQ.kVeP4Fu4UnVA8kqHLoCMRH1s8hqBLYOo5MpkQ3SK45Y
userRoutes middleware: DELETE /46 authorization=Bearer eyJhbGciOiJIUzI1NiIsInR5cCI6IkpXVCJ9.eyJpZCI6MzUsInJvbGUiOiJhZG1pbiIsImlhdCI6MTc3NTIxMDI2MCwiZXhwIjoxNzc1Mjk2NjYwfQ.kVeP4Fu4UnVA8kqHLoCMRH1s8hqBLYOo5MpkQ3SK45Y
userRoutes middleware: GET / authorization=Bearer eyJhbGciOiJIUzI1NiIsInR5cCI6IkpXVCJ9.eyJpZCI6MzUsInJvbGUiOiJhZG1pbiIsImlhdCI6MTc3NTIxMDI2MCwiZXhwIjoxNzc1Mjk2NjYwfQ.kVeP4Fu4UnVA8kqHLoCMRH1s8hqBLYOo5MpkQ3SK45Y
userRoutes middleware: PUT /45 authorization=Bearer eyJhbGciOiJIUzI1NiIsInR5cCI6IkpXVCJ9.eyJpZCI6MzUsInJvbGUiOiJhZG1pbiIsImlhdCI6MTc3NTIxMDI2MCwiZXhwIjoxNzc1Mjk2NjYwfQ.kVeP4Fu4UnVA8kqHLoCMRH1s8hqBLYOo5MpkQ3SK45Y
userRoutes middleware: GET / authorization=Bearer eyJhbGciOiJIUzI1NiIsInR5cCI6IkpXVCJ9.eyJpZCI6MzUsInJvbGUiOiJhZG1pbiIsImlhdCI6MTc3NTIxMDI2MCwiZXhwIjoxNzc1Mjk2NjYwfQ.kVeP4Fu4UnVA8kqHLoCMRH1s8hqBLYOo5MpkQ3SK45Y
userRoutes middleware: PUT /45 authorization=Bearer eyJhbGciOiJIUzI1NiIsInR5cCI6IkpXVCJ9.eyJpZCI6MzUsInJvbGUiOiJhZG1pbiIsImlhdCI6MTc3NTIxMDI2MCwiZXhwIjoxNzc1Mjk2NjYwfQ.kVeP4Fu4UnVA8kqHLoCMRH1s8hqBLYOo5MpkQ3SK45Y
userRoutes middleware: GET / authorization=Bearer eyJhbGciOiJIUzI1NiIsInR5cCI6IkpXVCJ9.eyJpZCI6MzUsInJvbGUiOiJhZG1pbiIsImlhdCI6MTc3NTIxMDI2MCwiZXhwIjoxNzc1Mjk2NjYwfQ.kVeP4Fu4UnVA8kqHLoCMRH1s8hqBLYOo5MpkQ3SK45Y
userRoutes middleware: PUT /39 authorization=Bearer eyJhbGciOiJIUzI1NiIsInR5cCI6IkpXVCJ9.eyJpZCI6MzUsInJvbGUiOiJhZG1pbiIsImlhdCI6MTc3NTIxMDI2MCwiZXhwIjoxNzc1Mjk2NjYwfQ.kVeP4Fu4UnVA8kqHLoCMRH1s8hqBLYOo5MpkQ3SK45Y
userRoutes middleware: GET / authorization=Bearer eyJhbGciOiJIUzI1NiIsInR5cCI6IkpXVCJ9.eyJpZCI6MzUsInJvbGUiOiJhZG1pbiIsImlhdCI6MTc3NTIxMDI2MCwiZXhwIjoxNzc1Mjk2NjYwfQ.kVeP4Fu4UnVA8kqHLoCMRH1s8hqBLYOo5MpkQ3SK45Y
userRoutes middleware: DELETE /1 authorization=Bearer eyJhbGciOiJIUzI1NiIsInR5cCI6IkpXVCJ9.eyJpZCI6MzUsInJvbGUiOiJhZG1pbiIsImlhdCI6MTc3NTIxMDI2MCwiZXhwIjoxNzc1Mjk2NjYwfQ.kVeP4Fu4UnVA8kqHLoCMRH1s8hqBLYOo5MpkQ3SK45Y
userRoutes middleware: GET / authorization=Bearer eyJhbGciOiJIUzI1NiIsInR5cCI6IkpXVCJ9.eyJpZCI6MzUsInJvbGUiOiJhZG1pbiIsImlhdCI6MTc3NTIxMDI2MCwiZXhwIjoxNzc1Mjk2NjYwfQ.kVeP4Fu4UnVA8kqHLoCMRH1s8hqBLYOo5MpkQ3SK45Y
userRoutes middleware: DELETE /36 authorization=Bearer eyJhbGciOiJIUzI1NiIsInR5cCI6IkpXVCJ9.eyJpZCI6MzUsInJvbGUiOiJhZG1pbiIsImlhdCI6MTc3NTIxMDI2MCwiZXhwIjoxNzc1Mjk2NjYwfQ.kVeP4Fu4UnVA8kqHLoCMRH1s8hqBLYOo5MpkQ3SK45Y
userRoutes middleware: GET / authorization=Bearer eyJhbGciOiJIUzI1NiIsInR5cCI6IkpXVCJ9.eyJpZCI6MzUsInJvbGUiOiJhZG1pbiIsImlhdCI6MTc3NTIxMDI2MCwiZXhwIjoxNzc1Mjk2NjYwfQ.kVeP4Fu4UnVA8kqHLoCMRH1s8hqBLYOo5MpkQ3SK45Y
userRoutes middleware: DELETE /37 authorization=Bearer eyJhbGciOiJIUzI1NiIsInR5cCI6IkpXVCJ9.eyJpZCI6MzUsInJvbGUiOiJhZG1pbiIsImlhdCI6MTc3NTIxMDI2MCwiZXhwIjoxNzc1Mjk2NjYwfQ.kVeP4Fu4UnVA8kqHLoCMRH1s8hqBLYOo5MpkQ3SK45Y
userRoutes middleware: GET / authorization=Bearer eyJhbGciOiJIUzI1NiIsInR5cCI6IkpXVCJ9.eyJpZCI6MzUsInJvbGUiOiJhZG1pbiIsImlhdCI6MTc3NTIxMDI2MCwiZXhwIjoxNzc1Mjk2NjYwfQ.kVeP4Fu4UnVA8kqHLoCMRH1s8hqBLYOo5MpkQ3SK45Y
